=== PHASE 4 VERIFY start 2026-09-23 19:37:14 ===
-- suite: testFundusValidation
=================================================================================================================
 NetraCare SIH 26038: Stage 0 Fundus Image Validation Test Harness
 (Phase 2: verified local fixtures)
=================================================================================================================

Image         | Expected    | Predicted   | Fundus Score | Confidence | Passed? | Primary Reason
-------------------------------------------------------------------------------------------------------------------
SCR-0062.jpg  | FUNDUS      | FUNDUS      | 0.9054      | 0.9054     | PASS    | All retinal morphological and optical c...
SCR-0044.jpg  | FUNDUS      | FUNDUS      | 0.9713      | 0.9713     | PASS    | All retinal morphological and optical c...
SCR-0001.jpg  | NON_FUNDUS  | NON_FUNDUS  | 0.2625      | 0.7375     | PASS    | Achromatic / grayscale content (lacks r...
SCR-0002.jpg  | NON_FUNDUS  | NON_FUNDUS  | 0.4125      | 0.7000     | PASS    | Synthetic featureless flat graphic (zer...
SCR-0003.jpg  | NON_FUNDUS  | NON_FUNDUS  | 0.7500      | 0.7000     | PASS    | Coarse non-biological surface (median l...
SCR-0004.jpg  | NON_FUNDUS  | NON_FUNDUS  | 0.3500      | 0.7000     | PASS    | Bright background border (mean intensit...
SCR-0055.jpg  | NON_FUNDUS  | NON_FUNDUS  | 0.7395      | 0.7000     | PASS    | Coarse non-biological surface (median l...
SCR-0066.jpg  | NON_FUNDUS  | NON_FUNDUS  | 0.6000      | 0.7000     | PASS    | Bright background border (mean intensit...
SCR-0050.jpg  | UNCERTAIN   | UNCERTAIN   | 0.9503      | 0.5000     | PASS    | Ambiguous fundus characteristics; flagg...
-------------------------------------------------------------------------------------------------------------------
 Summary: 9 of 9 benchmark images correctly screened (100.0% Accuracy)

Saved Stage 0 fundus visualization to: D:\SIH\2026\new netracare\Matlab\data\results\fundus_check_SCR-0062.png
Saved Stage 0 fundus visualization to: D:\SIH\2026\new netracare\Matlab\data\results\fundus_check_SCR-0001.png
Diagnostic visual demonstrations saved to:
  - D:\SIH\2026\new netracare\Matlab\data\results\fundus_check_SCR-0062.png
  - D:\SIH\2026\new netracare\Matlab\data\results\fundus_check_SCR-0001.png

   -> passed=1 33.2s 
-- suite: testQuality
========================================================================================================
 NetraCare SIH 26038: Retinal Fundus Image Quality Assessment (Stage 1)
========================================================================================================

Image         | Focus (LapVar)  | Illum (MeanB)   | Contrast (P95-5) | FOV Area      | Score    | Status     
--------------------------------------------------------------------------------------------------------
SCR-0062.jpg  | 26.26 (SHARP)   | 78.2 (GOOD)     | 59.0 (BORDERLINE) | 73.9% (GOOD)  | 0.780    | GOOD       
SCR-0044.jpg  | 18.91 (SHARP)   | 110.3 (GOOD)    | 72.0 (GOOD)     | 73.0% (GOOD)  | 0.812    | GOOD       
SCR-0050.jpg  | 2.24 (BLURRY)   | 100.3 (GOOD)    | 75.0 (GOOD)     | 50.2% (GOOD)  | 0.652    | GOOD       
SCR-0001.jpg  | 0.09 (BLURRY)   | 48.0 (GOOD)     | 17.0 (LOW_CONTRAST) | 45.3% (BORDERLINE) | 0.371    | UNGRADABLE 
SCR-0002.jpg  | 0.38 (BLURRY)   | 87.7 (GOOD)     | 0.0 (LOW_CONTRAST) | 35.9% (BORDERLINE) | 0.332    | UNGRADABLE 
SCR-0003.jpg  | 1608.48 (SHARP) | 109.3 (GOOD)    | 57.0 (BORDERLINE) | 57.6% (GOOD)  | 0.868    | GOOD       
SCR-0004.jpg  | 609.63 (SHARP)  | 166.0 (TOO_BRIGHT) | 193.0 (GOOD)    | 100.0% (GOOD) | 0.863    | GOOD       
SCR-0055.jpg  | 349.86 (SHARP)  | 70.4 (GOOD)     | 69.0 (GOOD)     | 79.6% (GOOD)  | 0.848    | GOOD       
SCR-0066.jpg  | 442.89 (SHARP)  | 218.7 (TOO_BRIGHT) | 110.0 (GOOD)    | 100.0% (GOOD) | 0.785    | UNGRADABLE 
--------------------------------------------------------------------------------------------------------

Diagnostic Findings & Clinical Reasons per Image:
----------------------------------------------------------------------
 SCR-0062.jpg  [GOOD | Overall Score: 0.780]:
    - Image quality is sufficient for clinical AI evaluation
 SCR-0044.jpg  [GOOD | Overall Score: 0.812]:
    - Image quality is sufficient for clinical AI evaluation
 SCR-0050.jpg  [GOOD | Overall Score: 0.652]:
    - Moderate blur detected
 SCR-0001.jpg  [UNGRADABLE | Overall Score: 0.371]:
    - Severe optical blur / loss of focus
    - Suboptimal retinal contrast
    - Partial aperture clipping (45.3% visible)
 SCR-0002.jpg  [UNGRADABLE | Overall Score: 0.332]:
    - Severe optical blur / loss of focus
    - Critically low dynamic range / flat contrast
    - Partial aperture clipping (35.9% visible)
 SCR-0003.jpg  [GOOD | Overall Score: 0.868]:
    - Image quality is sufficient for clinical AI evaluation
 SCR-0004.jpg  [GOOD | Overall Score: 0.863]:
    - Overexposed / saturated highlights (saturation=24.4%)
 SCR-0055.jpg  [GOOD | Overall Score: 0.848]:
    - Image quality is sufficient for clinical AI evaluation
 SCR-0066.jpg  [UNGRADABLE | Overall Score: 0.785]:
    - Overexposed / saturated highlights (saturation=56.1%)
    - Severe highlight saturation (>25% of retina clipped)
----------------------------------------------------------------------

   -> passed=1 3.4s 
-- suite: testEnhancement
=================================================================================================================
 NetraCare SIH 26038: Stage 2 Borderline Fundus Enhancement Test Harness
=================================================================================================================

Image         | Before Stat  | Enh Applied  | After Stat   | Before Sc  | After Sc   | Improvement
-----------------------------------------------------------------------------------------------
SCR-0062.jpg  | GOOD         | false        | GOOD         | 0.780      | 0.780      | false      
SCR-0044.jpg  | GOOD         | false        | GOOD         | 0.812      | 0.812      | false      
SCR-0050.jpg  | GOOD         | false        | GOOD         | 0.652      | 0.652      | false      
SCR-0001.jpg  | UNGRADABLE   | false        | UNGRADABLE   | 0.371      | 0.371      | false      
SCR-0002.jpg  | UNGRADABLE   | false        | UNGRADABLE   | 0.332      | 0.332      | false      
SCR-0003.jpg  | GOOD         | false        | GOOD         | 0.868      | 0.868      | false      
SCR-0004.jpg  | GOOD         | false        | GOOD         | 0.863      | 0.863      | false      
SCR-0055.jpg  | GOOD         | false        | GOOD         | 0.848      | 0.848      | false      
SCR-0066.jpg  | UNGRADABLE   | false        | UNGRADABLE   | 0.785      | 0.785      | false      
-----------------------------------------------------------------------------------------------

Detailed Decision Log and Clinical Reasons per Image:
--------------------------------------------------------------------------------
 SCR-0062.jpg  [Before: GOOD (0.780) -> After: GOOD (0.780) | Applied: false | Improved: false]:
    - Image quality is GOOD. Enhancement bypassed per clinical safety protocol.
 SCR-0044.jpg  [Before: GOOD (0.812) -> After: GOOD (0.812) | Applied: false | Improved: false]:
    - Image quality is GOOD. Enhancement bypassed per clinical safety protocol.
 SCR-0050.jpg  [Before: GOOD (0.652) -> After: GOOD (0.652) | Applied: false | Improved: false]:
    - Image quality is GOOD. Enhancement bypassed per clinical safety protocol.
 SCR-0001.jpg  [Before: UNGRADABLE (0.371) -> After: UNGRADABLE (0.371) | Applied: false | Improved: false]:
    - Image is UNGRADABLE. Post-processing repair prohibited; patient RECAPTURE required.
 SCR-0002.jpg  [Before: UNGRADABLE (0.332) -> After: UNGRADABLE (0.332) | Applied: false | Improved: false]:
    - Image is UNGRADABLE. Post-processing repair prohibited; patient RECAPTURE required.
 SCR-0003.jpg  [Before: GOOD (0.868) -> After: GOOD (0.868) | Applied: false | Improved: false]:
    - Image quality is GOOD. Enhancement bypassed per clinical safety protocol.
 SCR-0004.jpg  [Before: GOOD (0.863) -> After: GOOD (0.863) | Applied: false | Improved: false]:
    - Image quality is GOOD. Enhancement bypassed per clinical safety protocol.
 SCR-0055.jpg  [Before: GOOD (0.848) -> After: GOOD (0.848) | Applied: false | Improved: false]:
    - Image quality is GOOD. Enhancement bypassed per clinical safety protocol.
 SCR-0066.jpg  [Before: UNGRADABLE (0.785) -> After: UNGRADABLE (0.785) | Applied: false | Improved: false]:
    - Image is UNGRADABLE. Post-processing repair prohibited; patient RECAPTURE required.
--------------------------------------------------------------------------------

   -> passed=1 2.9s 
-- suite: testParity
=================================================================
 NetraCare SIH 26038: Python <-> MATLAB Model Parity Verification
 (Phase 2 - real model v2 reference)
=================================================================

Loaded 3 Python reference cases from: D:\SIH\2026\new netracare\Matlab\data\results\python_parity_reference_v2.json

Loading model... Loaded real deep learning network successfully.
Image          | Py Grade     | MATLAB Grade | Max Diff   | Parity Status
----------------------------------------------------------------------
SCR-0062.jpg   | Grade 4      | Grade 4      | 0.000001   | PASS        
SCR-0044.jpg   | Grade 0      | Grade 0      | 0.000000   | PASS        
SCR-0050.jpg   | Grade 4      | Grade 4      | 0.000001   | PASS        
----------------------------------------------------------------------

Maximum Absolute Probability Difference : 1.249462e-06
Parity Tolerance Threshold              : 1.000000e-04
OVERALL STATUS: PARITY PASSED (All differences < 1e-4)

MATLAB parity results written: D:\SIH\2026\new netracare\Matlab\data\results\matlab_python_parity_v2.json
   -> passed=1 33.9s 
-- suite: testPipeline
=================================================================
 NetraCare SIH 26038: Clinical AI Workstream Test Suite           
=================================================================

[Test 1] Loading model_config & fundus_config... PASSED
[Test 2] Testing Stage 0 checkFundusImage (Fundus vs Non-Fundus)... PASSED
[Test 3] Testing assessQuality... PASSED
[Test 4] Testing enhanceBorderline... PASSED
[Test 5] Testing loadModel... PASSED
[Test 6] Testing predictDR... PASSED
[Test 7] Testing generateGradCAM... PASSED
[Test 8] Testing evaluateDR... PASSED
[Test 9] Testing runPipeline End-to-End & Blueprint Contract... PASSED

-----------------------------------------------------------------
 Test Summary: 9 of 9 tests passed successfully.
-----------------------------------------------------------------

   -> passed=1 24.4s 
-- suite: testPipelinePhase2
FUNDUS  : grade=4 label=Proliferative DR conf=0.9338 referable=1 model_version=EfficientNet-B0-APTOS-v1
GRADCAM : D:\SIH\2026\new netracare\Matlab\data\results\gradcam_73e1fc38.png
GRADCAM file exists, size=133699 bytes
REPEATABILITY: conf equal=1 class equal=1
NONFUNDUS: decision=reject stage=STAGE_0_FUNDUS_VALIDATION
UNCERTAIN: decision=review
PHASE 2 END-TO-END: PASS
   -> passed=1 19.5s 
-- suite: testPipelineEndToEnd
========================================================================================================================
 NetraCare SIH 26038: Full End-to-End Clinical AI Pipeline Trace (7 Benchmark Images)
========================================================================================================================

Image         | Stage 0      | Stage 1 Q    | Enhanced | Final Q      | Clinical Action     | Decision  | DR Grade
------------------------------------------------------------------------------------------------------------------------
SCR-0062.jpg  | FUNDUS       | GOOD         | NO       | GOOD         | SPECIALIST REFERRAL | review    | 4 (Proliferative DR)
SCR-0044.jpg  | FUNDUS       | GOOD         | NO       | GOOD         | PROCEED             | proceed   | 0 (No DR)
SCR-0050.jpg  | UNCERTAIN    | SKIPPED      | N/A      | SKIPPED      | REJECT / HUMAN REVIEW | review    | BLOCKED 
------------------------------------------------------------------------------------------------------------------------
 Trace Verification Summary:
  - FUNDUS images (SCR-0062, 0044) pass Stage 0 -> real model inference (Phase 2)
  - NON_FUNDUS images stop at Stage 0 -> REJECTED (zero model invocations)
  - SCR-0050 (UNCERTAIN) flagged for human review

   -> passed=1 109.6s 
-- suite: testInferenceReal
run 1: grade=4 probs=[0.0032 0.0008 0.0388 0.0233 0.9338]
run 2: grade=4 probs=[0.0032 0.0008 0.0388 0.0233 0.9338]
run 3: grade=4 probs=[0.0032 0.0008 0.0388 0.0233 0.9338]
DIFFERENTIAL CHECK (Rule 6): PASS - real model inference, deterministic
   -> passed=1 16.4s 
suite: 8/8 passed
-- runPipeline SCR-0062.jpg (P4-DET-1)
-- runPipeline SCR-0062.jpg (P4-DET-2)
-- runPipeline SCR-0062.jpg (P4-DET-3)
-- runPipeline SCR-0044.jpg (P4-G0-0044)
-- runPipeline SCR-0002.jpg (P4-NONFUNDUS)
-- runPipeline SCR-0050.jpg (P4-UNCERTAIN)
decision unit test consistent=1
=== PHASE 4 VERIFY done: suite 8/8, contract_ok=1, det_ok=1, decision_ok=1 ===
